==================================
   OLA 0.10.0: ./test-suite.log
==================================

# TOTAL: 86
# PASS:  86
# SKIP:  0
# XFAIL: 0
# FAIL:  0
# XPASS: 0
# ERROR: 0

.. contents:: :depth: 2

